[38;2;223;219;221m[38;2;104;255;214m> [m[38;2;96;95;107mT[m[38;2;96;95;107mype to filter[m[38;2;96;95;107m                                                                                       [m[m
â”‚Item 0                                                                                                
Item 1                                                                                                 
Item 2                                                                                                 
Item 3                                                                                                 
Item 4                                                                                                 