│Item 29
│Item 29
│Item 29
│Item 29
│Item 29
│Item 29
│Item 29
│Item 29
│Item 29
│Item 29