│Item 10
│Item 10
│Item 10
│Item 10
│Item 10
│Item 10
│Item 10
│Item 10
│Item 10
│Item 10