Item 3
Item 3
│Item 4
│Item 4
│Item 4
│Item 4
│Item 4
Item 5
Item 5
Item 5