Line2     
Item 8    
Line2     
│Item 9   
│Line2    