Item 11                                                                                             
Item 12                                                                                             
Item 13                                                                                             
Item 14                                                                                             
Item 15                                                                                             
Item 16                                                                                             
Item 17                                                                                             
Item 18                                                                                             
Item 19                                                                                             
â”‚New Item