Item 47                                                                                             
Item 48                                                                                             
Item 49                                                                                             
Item 50                                                                                             
Item 51                                                                                             
â”‚Item 52                                                                                            
Item 53                                                                                             
Item 54                                                                                             
Item 55                                                                                             
Item 56                                                                                             