│Item 0   
│Line2    
Item 1    
Line2     
Item 2    