│Item 28
│Item 28
│Item 28
│Item 28
│Item 28
Item 29
Item 29
Item 29
Item 29
Item 29