Item 6
Item 6
Item 6
│Item 7
│Item 7
│Item 7
│Item 7
│Item 7
│Item 7
│Item 7